// Jest Snapshot v1, https://goo.gl/fbAQLP

exports[`Renders without crashing 1`] = `
Object {
  "asFragment": [Function],
  "baseElement": <body>
    <div>
      <section
        class="section"
      >
        <h3
          data-testid="header__MainSection"
        >
          Mars Rover Photos
        </h3>
        <div
          class="section__selects"
        >
          <div>
            <p
              class="title_mainSection"
            >
              Choose a Mars rover:
            </p>
            <div
              class="select__wrapper"
            >
              <select
                class="select select__marsRover"
                data-testid="selectMarsRover__MainSection"
              >
                <option
                  value="curiosity"
                >
                  Curiosity
                </option>
                <option
                  value="opportunity"
                >
                  Opportunity
                </option>
                <option
                  value="spirit"
                >
                  Spirit
                </option>
              </select>
            </div>
          </div>
          <div>
            <p
              class="title_mainSection"
            >
              Choose a Camera:
            </p>
            <div
              class="select__wrapper"
            >
              <select
                class="select select__camera"
                data-testid="selectCamera__MainSection"
              >
                <option
                  value="FHAZ"
                >
                  Front Hazard Avoidance Camera
                </option>
                <option
                  value="RHAZ"
                >
                  Rear Hazard Avoidance Camera
                </option>
                <option
                  value="MAST"
                >
                  Mast Camera
                </option>
                <option
                  value="CHEMCAM"
                >
                  Chemistry and Camera Complex
                </option>
                <option
                  value="MARDI"
                >
                  Mars Descent Imager
                </option>
                <option
                  value="NAVCAM"
                >
                  Navigation Camera
                </option>
              </select>
            </div>
          </div>
        </div>
        <button
          class="btn__section"
          data-testid="btn__MainSection"
          type="button"
        >
          GO!
        </button>
        <div
          class="result__block-img"
        />
        <div />
      </section>
    </div>
  </body>,
  "container": <div>
    <section
      class="section"
    >
      <h3
        data-testid="header__MainSection"
      >
        Mars Rover Photos
      </h3>
      <div
        class="section__selects"
      >
        <div>
          <p
            class="title_mainSection"
          >
            Choose a Mars rover:
          </p>
          <div
            class="select__wrapper"
          >
            <select
              class="select select__marsRover"
              data-testid="selectMarsRover__MainSection"
            >
              <option
                value="curiosity"
              >
                Curiosity
              </option>
              <option
                value="opportunity"
              >
                Opportunity
              </option>
              <option
                value="spirit"
              >
                Spirit
              </option>
            </select>
          </div>
        </div>
        <div>
          <p
            class="title_mainSection"
          >
            Choose a Camera:
          </p>
          <div
            class="select__wrapper"
          >
            <select
              class="select select__camera"
              data-testid="selectCamera__MainSection"
            >
              <option
                value="FHAZ"
              >
                Front Hazard Avoidance Camera
              </option>
              <option
                value="RHAZ"
              >
                Rear Hazard Avoidance Camera
              </option>
              <option
                value="MAST"
              >
                Mast Camera
              </option>
              <option
                value="CHEMCAM"
              >
                Chemistry and Camera Complex
              </option>
              <option
                value="MARDI"
              >
                Mars Descent Imager
              </option>
              <option
                value="NAVCAM"
              >
                Navigation Camera
              </option>
            </select>
          </div>
        </div>
      </div>
      <button
        class="btn__section"
        data-testid="btn__MainSection"
        type="button"
      >
        GO!
      </button>
      <div
        class="result__block-img"
      />
      <div />
    </section>
  </div>,
  "debug": [Function],
  "findAllByAltText": [Function],
  "findAllByDisplayValue": [Function],
  "findAllByLabelText": [Function],
  "findAllByPlaceholderText": [Function],
  "findAllByRole": [Function],
  "findAllByTestId": [Function],
  "findAllByText": [Function],
  "findAllByTitle": [Function],
  "findByAltText": [Function],
  "findByDisplayValue": [Function],
  "findByLabelText": [Function],
  "findByPlaceholderText": [Function],
  "findByRole": [Function],
  "findByTestId": [Function],
  "findByText": [Function],
  "findByTitle": [Function],
  "getAllByAltText": [Function],
  "getAllByDisplayValue": [Function],
  "getAllByLabelText": [Function],
  "getAllByPlaceholderText": [Function],
  "getAllByRole": [Function],
  "getAllByTestId": [Function],
  "getAllByText": [Function],
  "getAllByTitle": [Function],
  "getByAltText": [Function],
  "getByDisplayValue": [Function],
  "getByLabelText": [Function],
  "getByPlaceholderText": [Function],
  "getByRole": [Function],
  "getByTestId": [Function],
  "getByText": [Function],
  "getByTitle": [Function],
  "queryAllByAltText": [Function],
  "queryAllByDisplayValue": [Function],
  "queryAllByLabelText": [Function],
  "queryAllByPlaceholderText": [Function],
  "queryAllByRole": [Function],
  "queryAllByTestId": [Function],
  "queryAllByText": [Function],
  "queryAllByTitle": [Function],
  "queryByAltText": [Function],
  "queryByDisplayValue": [Function],
  "queryByLabelText": [Function],
  "queryByPlaceholderText": [Function],
  "queryByRole": [Function],
  "queryByTestId": [Function],
  "queryByText": [Function],
  "queryByTitle": [Function],
  "rerender": [Function],
  "unmount": [Function],
}
`;
